[DATA_POINT]
1="HTTP_301"
2="tcp_connect"
3="tcp_connection_count"
4="ssl_session_new"
5="mic_recv"
6="HTTP_200"
7="tcp_shutdown"
8="HTTP_302"
9="ssl_session_reuse"
[END_TRANSACTION]
1="vuser_init_Transaction"
2="login"
3="merchants"
4="https://www.gstatic.com/autofill/hourly/bins.json"
5="bins.json_Action_14"
6="https://www.gstatic.com/autofill/weekly/merchants.json"
7="merchants.json_Action_25"
8="https://accounts.google.com/ListAccounts?gpsia=1&source=ChromiumBrowser&json=standard"
9="ListAccounts_Action_48"
10="seed"
11="https://clientservices.googleapis.com/chrome-variations/seed?osname=win&channel=stable&milestone=79"
12="seed_Action_63"
13="http://demo.opencart.com/"
14="https://fonts.gstatic.com/s/opensans/v17/mem8YaGs126MiZpBA-UFVZ0b.woff2"
15="https://clients1.google.com/tbproxy/af/query?q=Chc2LjEuMTcxNS4xNDQyL2VuIChHR0xMKRMZ5YRr3Z-avlkjLWdns_4kFA=="
16="https://fonts.gstatic.com/s/opensans/v17/mem5YaGs126MiZpBA-UN7rgOUuhp.woff2"
17="https://demo.opencart.com/catalog/view/javascript/font-awesome/fonts/fontawesome-webfont.woff2?v=4.7.0"
18="https://ssl.gstatic.com/safebrowsing/csd/client_model_v5_ext_variation_0.pb"
19="https://ssl.gstatic.com/safebrowsing/csd/client_model_v5_variation_0.pb"
20="demo"
21="https://demo.opencart.com/catalog/view/javascript/jquery/jquery-2.1.1.min.js"
22="https://demo.opencart.com/catalog/view/javascript/common.js"
23="https://demo.opencart.com/catalog/view/theme/default/stylesheet/stylesheet.css"
24="https://demo.opencart.com/catalog/view/javascript/bootstrap/js/bootstrap.min.js"
25="https://demo.opencart.com/catalog/view/javascript/jquery/swiper/js/swiper.jquery.js"
26="https://demo.opencart.com/catalog/view/javascript/bootstrap/css/bootstrap.min.css"
27="https://demo.opencart.com/catalog/view/javascript/font-awesome/css/font-awesome.min.css"
28="https://demo.opencart.com/catalog/view/javascript/jquery/swiper/css/swiper.min.css"
29="https://demo.opencart.com/catalog/view/javascript/jquery/swiper/css/opencart.css"
30="https://fonts.googleapis.com/css?family=Open+Sans:400,400i,300,700"
31="https://demo.opencart.com/"
32="https://demo.opencart.com/image/cache/catalog/demo/banners/iPhone6-1140x380.jpg"
33="https://demo.opencart.com/image/cache/catalog/demo/manufacturer/disney-130x100.png"
34="https://demo.opencart.com/image/cache/catalog/demo/apple_cinema_30-200x200.jpg"
35="https://demo.opencart.com/image/cache/catalog/demo/manufacturer/nfl-130x100.png"
36="https://demo.opencart.com/image/cache/catalog/demo/iphone_1-200x200.jpg"
37="https://demo.opencart.com/image/cache/catalog/demo/manufacturer/cocacola-130x100.png"
38="https://demo.opencart.com/image/cache/catalog/demo/macbook_1-200x200.jpg"
39="https://demo.opencart.com/image/cache/catalog/demo/manufacturer/burgerking-130x100.png"
40="https://demo.opencart.com/image/cache/catalog/demo/manufacturer/starbucks-130x100.png"
41="https://demo.opencart.com/image/cache/catalog/demo/manufacturer/canon-130x100.png"
42="https://demo.opencart.com/image/cache/catalog/demo/manufacturer/nintendo-130x100.png"
43="https://demo.opencart.com/image/cache/catalog/demo/manufacturer/dell-130x100.png"
44="https://demo.opencart.com/image/cache/catalog/demo/manufacturer/sony-130x100.png"
45="https://demo.opencart.com/image/cache/catalog/demo/manufacturer/harley-130x100.png"
46="https://demo.opencart.com/image/cache/catalog/demo/canon_eos_5d_1-200x200.jpg"
47="https://demo.opencart.com/image/cache/catalog/demo/manufacturer/redbull-130x100.png"
48="https://demo.opencart.com/image/cache/catalog/demo/banners/MacBookAir-1140x380.jpg"
49="demo.opencart.com_Action_80"
50="https://clients1.google.com/tbproxy/af/query?q=Chc2LjEuMTcxNS4xNDQyL2VuIChHR0xMKRMZ5YRr3Z-avlkjLWdns_4kFBMZVyoHDriExaAjLXhvEhkkIy3OQUx6JBQ="
51="https://demo.opencart.com/index.php?route=account/login"
52="Login_Action_108"
53="Action_Transaction"
54="Action0_Transaction"
55="index.php_Action_118"
56="https://demo.opencart.com/image/cache/catalog/demo/compaq_presario-182x182.jpg"
57="https://demo.opencart.com/image/cache/catalog/demo/hp_2-80x80.jpg"
58="https://demo.opencart.com/image/cache/catalog/demo/hp_1-228x228.jpg"
59="https://demo.opencart.com/index.php?route=product/category&path=18"
60="https://demo.opencart.com/image/cache/catalog/demo/macbook_1-228x228.jpg"
61="https://demo.opencart.com/image/cache/catalog/demo/macbook_air_1-228x228.jpg"
62="https://demo.opencart.com/image/cache/catalog/demo/macbook_pro_1-228x228.jpg"
63="https://demo.opencart.com/image/cache/catalog/demo/sony_vaio_1-228x228.jpg"
64="index.php_2_Action1_18"
65="https://demo.opencart.com/index.php?route=product/category&path=18&sort=rating&order=DESC"
66="index.php_3_Action1_29"
67="Action1_Transaction"
68="https://demo.opencart.com/index.php?route=product/category&path=18&sort=rating&order=DESC&limit=100"
69="index.php_4_Action1_38"
70="https://demo.opencart.com/index.php?route=product/category&path=57"
71="https://demo.opencart.com/image/cache/catalog/demo/samsung_tab_1-228x228.jpg"
72="index.php_5_Action2_18"
73="https://demo.opencart.com/index.php?route=product/category&path=57&sort=p.price&order=DESC"
74="index.php_6_Action2_29"
75="Action2_Transaction"
76="https://demo.opencart.com/index.php?route=product/category&path=57&sort=p.price&order=DESC&limit=25"
77="index.php_7_Action2_38"
78="Action3_Transaction"
79="vuser_end_Transaction"
80="https://demo.opencart.com/index.php?route=product/category&path=57&sort=p.price&order=DESC&limit=50"
81="index.php_8_Action2_47"
82="https://demo.opencart.com/index.php?route=account/logout"
83="index.php_9_Action3_16"
